{
    "-profile test": {
        "content": [
            11,
            [
                "focal",
                "focal/test_dataset.focal.26.vcf.gz",
                "focal/test_dataset.focal.26.vcf.gz.tbi",
                "pipeline_info",
                "pipeline_info/nf-treeseq_software_versions.yml",
                "pipeline_info/software_versions.yml",
                "tsinfer",
                "tsinfer/test_dataset.focal.26.samples",
                "tsinfer/test_dataset.focal.26.trees"
            ]
        ],
        "meta": {
            "nf-test": "0.9.3",
            "nextflow": "25.10.0"
        },
        "timestamp": "2025-11-14T15:48:03.698861256"
    }
}