{
    "-profile test": {
        "content": [
            6,
            [
                "focal",
                "focal/test.26.vcf.gz",
                "focal/test.26.vcf.gz.tbi",
                "pipeline_info",
                "pipeline_info/nf-treeseq_software_versions.yml",
                "tsinfer",
                "tsinfer/test.26.samples",
                "tsinfer/test.26.trees"
            ]
        ],
        "meta": {
            "nf-test": "0.9.3",
            "nextflow": "25.10.0"
        },
        "timestamp": "2025-11-14T15:47:19.188976305"
    }
}
